{"level":"info","message":"connect ECONNREFUSED 127.0.0.1:27017","reason":{"compatible":true,"heartbeatFrequencyMS":10000,"localThresholdMS":15,"servers":{},"stale":false,"type":"Unknown"}}
{"level":"info","message":"connect ECONNREFUSED 127.0.0.1:27017","reason":{"compatible":true,"heartbeatFrequencyMS":10000,"localThresholdMS":15,"servers":{},"stale":false,"type":"Unknown"}}
{"level":"info","message":"connect ECONNREFUSED 127.0.0.1:27017","reason":{"compatible":true,"heartbeatFrequencyMS":10000,"localThresholdMS":15,"servers":{},"stale":false,"type":"Unknown"}}
{"level":"info","message":"connect ECONNREFUSED 127.0.0.1:27017","reason":{"compatible":true,"heartbeatFrequencyMS":10000,"localThresholdMS":15,"servers":{},"stale":false,"type":"Unknown"}}
{"level":"info","message":"connect ECONNREFUSED 127.0.0.1:27017","reason":{"compatible":true,"heartbeatFrequencyMS":10000,"localThresholdMS":15,"servers":{},"stale":false,"type":"Unknown"}}
{"level":"info","message":"connect ECONNREFUSED 127.0.0.1:27017","reason":{"compatible":true,"heartbeatFrequencyMS":10000,"localThresholdMS":15,"servers":{},"stale":false,"type":"Unknown"}}
{"level":"info","message":"connect ECONNREFUSED 127.0.0.1:27017","reason":{"compatible":true,"heartbeatFrequencyMS":10000,"localThresholdMS":15,"servers":{},"stale":false,"type":"Unknown"}}
